<html>
<body>
<pre>
<h1>µVision Build Log</h1>
<h2>Tool Versions:</h2>
IDE-Version: ¦ÌVision V5.14.0.0
Copyright (C) 2015 ARM Ltd and ARM Germany GmbH. All rights reserved.
License Information: S S, S, LIC=HN0WF-6Q7CR-PZ1WB-22MUL-FL821-38CPB
 
Tool Versions:
Toolchain:       MDK-ARM Standard  Version: 5.14.0.0
Toolchain Path:  D:\Keil_v5\ARM\ARMCC\Bin
C Compiler:      Armcc.exe V5.05 update 1 (build 106)
Assembler:       Armasm.exe V5.05 update 1 (build 106)
Linker/Locator:  ArmLink.exe V5.05 update 1 (build 106)
Library Manager: ArmAr.exe V5.05 update 1 (build 106)
Hex Converter:   FromElf.exe V5.05 update 1 (build 106)
CPU DLL:         SARMCM3.DLL V5.14.0.0
Dialog DLL:      DCM.DLL V1.13.1.0
Target DLL:      STLink\ST-LINKIII-KEIL_SWO.dll V2.0.14.0_KEIL
Dialog DLL:      TCM.DLL V1.14.4.0
 
<h2>Project:</h2>
D:\mywork\tmp_ctl\src\tmp_ctl_test_uart\MDK-ARM\tmp_ctl.uvprojx
Project File Date:  06/23/2016

<h2>Output:</h2>
Rebuild target 'tmp_ctl Configuration'
compiling system_stm32f1xx.c...
compiling wenyu_tmp_ctl_bsp.c...
compiling stm32f1xx_hal_cortex.c...
compiling stm32f1xx_hal_rcc_ex.c...
compiling stm32f1xx_hal_gpio.c...
compiling stm32f1xx_hal_dma.c...
compiling stm32f1xx_hal_wwdg.c...
compiling stm32f1xx_hal_rtc_ex.c...
compiling stm32f1xx_hal_rtc.c...
compiling stm32f1xx_hal_rcc.c...
compiling stm32f1xx_hal_gpio_ex.c...
compiling stm32f1xx_hal_flash.c...
compiling stm32f1xx_hal_flash_ex.c...
compiling stm32f1xx_hal_uart.c...
compiling stm32f1xx_hal_adc.c...
compiling stm32f1xx_hal_spi_ex.c...
compiling stm32f1xx_hal_pwr.c...
compiling stm32f1xx_hal_adc_ex.c...
compiling stm32f1xx_hal.c...
compiling stm32f1xx_hal_tim_ex.c...
compiling stm32f1xx_hal_tim.c...
compiling stm32f1xx_hal_iwdg.c...
compiling main.c...
compiling stm32f1xx_it.c...
compiling stm32f1xx_hal_msp.c...
compiling tmp_ctl.c...
compiling Queue.c...
compiling eeprom.c...
assembling startup_stm32f103xb.s...
linking...
Program Size: Code=17640 RO-data=288 RW-data=160 ZI-data=1536  
FromELF: creating hex file...
"tmp_ctl Configuration/\.axf" - 0 Error(s), 0 Warning(s).

<h2>Software Packages used:</h2>

Package Vendor: ARM
                http://www.keil.com/pack/ARM.CMSIS.4.5.0.pack
                ARM::CMSIS:CORE:4.3.0
                CMSIS (Cortex Microcontroller Software Interface Standard)
   * Component: CORE Version: 4.3.0

<h2>Collection of Component include folders:</h2>
  D:\mywork\tmp_ctl\src\tmp_ctl_test_uart\MDK-ARM\RTE
  D:\Keil_v5\ARM\PACK\ARM\CMSIS\4.5.0\CMSIS\Include
  D:\Keil_v5\ARM\PACK\Keil\STM32F1xx_DFP\2.0.0

<h2>Collection of Component Files used:</h2>

   * Component: ARM::CMSIS:CORE:4.3.0
</pre>
</body>
</html>
